
> work@0.1.0 build
> react-scripts build

Creating an optimized production build...
Compiled with warnings.

[eslint] 
src/pages/Analytics.js
  Line 8:3:    'ArrowTrendingUpIcon' is defined but never used                                                                    no-unused-vars
  Line 9:3:    'ArrowTrendingDownIcon' is defined but never used                                                                  no-unused-vars
  Line 26:13:  'days' is assigned a value but never used                                                                          no-unused-vars
  Line 88:9:   'formatAttackType' is assigned a value but never used                                                              no-unused-vars
  Line 93:9:   'getThreatLevelColor' is assigned a value but never used                                                           no-unused-vars
  Line 110:9:  'calculateTrend' is assigned a value but never used                                                                no-unused-vars
  Line 118:6:  React Hook useEffect has a missing dependency: 'fetchAnalytics'. Either include it or remove the dependency array  react-hooks/exhaustive-deps

src/pages/Courses.js
  Line 5:3:  'UserGroupIcon' is defined but never used  no-unused-vars

src/pages/Dashboard.js
  Line 11:3:     'CpuChipIcon' is defined but never used              no-unused-vars
  Line 161:20:   'threat_levels' is assigned a value but never used   no-unused-vars
  Line 161:35:   'attack_types' is assigned a value but never used    no-unused-vars
  Line 161:49:   'threat_sources' is assigned a value but never used  no-unused-vars
  Line 161:117:  'ml_performance' is assigned a value but never used  no-unused-vars

src/pages/Detection.js
  Line 164:7:  'modelCount' is assigned a value but never used  no-unused-vars

src/pages/History.js
  Line 4:3:   'CalendarDaysIcon' is defined but never used                                                                         no-unused-vars
  Line 28:6:  React Hook useEffect has a missing dependency: 'fetchHistoryData'. Either include it or remove the dependency array  react-hooks/exhaustive-deps
  Line 39:6:  React Hook useEffect has a missing dependency: 'fetchHistoryData'. Either include it or remove the dependency array  react-hooks/exhaustive-deps

src/pages/Register.js
  Line 21:9:  'navigate' is assigned a value but never used  no-unused-vars

src/pages/SecurityLogs.js
  Line 11:3:  'ComputerDesktopIcon' is defined but never used  no-unused-vars
  Line 17:3:  'DocumentTextIcon' is defined but never used     no-unused-vars

src/pages/Settings.js
  Line 19:10:  'serverTime' is assigned a value but never used  no-unused-vars

src/pages/StudentDashboard.js
  Line 4:3:    'AcademicCapIcon' is defined but never used                no-unused-vars
  Line 6:3:    'ClockIcon' is defined but never used                      no-unused-vars
  Line 112:9:  'fetchAssignments' is assigned a value but never used      no-unused-vars
  Line 189:9:  'handleViewAssignment' is assigned a value but never used  no-unused-vars

Search for the keywords to learn more about each warning.
To ignore, add // eslint-disable-next-line to the line before.

File sizes after gzip:

  126.37 kB (+53 B)  build/static/js/main.74fb4468.js
  6.54 kB            build/static/css/main.5d693a80.css
  2.69 kB            build/static/js/488.ce4551b1.chunk.js

The project was built assuming it is hosted at /.
You can control this with the homepage field in your package.json.

The build folder is ready to be deployed.
You may serve it with a static server:

  npm install -g serve
  serve -s build

Find out more about deployment here:

  https://cra.link/deployment

